// Jest Snapshot v1, https://goo.gl/fbAQLP

exports[`App should render correctly 1`] = `
<div
  className="App"
>
  <Header />
  <SearchSummary
    cabinClass="Economy"
    destination="EDI"
    numTravellers={2}
    origin="LHR"
  />
  <ActionBar />
  <main
    className="App__main"
  >
    <div
      className="App__spinner"
    >
      <BpkExtraLargeSpinner
        className={null}
        type="dark"
      />
       
      <BpkText
        bold={false}
        className={null}
        tagName="p"
        textStyle="base"
      >
        This could take a few seconds...
      </BpkText>
       
    </div>
  </main>
</div>
`;
